2026-08-27T07:35:30.377Z [API HATASI] /api/brands/32 : Error: Desteklenmeyen dosya formatı. Marka görseli için sadece resim dosyaları yüklenebilir (jpeg, png, webp, gif).
    at brandFileFilter (C:\Users\dedih\Desktop\stokerpsistemi\backend-api\server.js:47:12)
    at wrappedFileFilter (C:\Users\dedih\Desktop\stokerpsistemi\backend-api\node_modules\multer\index.js:45:7)
    at Multipart.<anonymous> (C:\Users\dedih\Desktop\stokerpsistemi\backend-api\node_modules\multer\lib\make-middleware.js:193:7)
    at Multipart.emit (node:events:509:28)
    at HeaderParser.cb (C:\Users\dedih\Desktop\stokerpsistemi\backend-api\node_modules\busboy\lib\types\multipart.js:358:14)
    at HeaderParser.push (C:\Users\dedih\Desktop\stokerpsistemi\backend-api\node_modules\busboy\lib\types\multipart.js:162:20)
    at SBMH.ssCb [as _cb] (C:\Users\dedih\Desktop\stokerpsistemi\backend-api\node_modules\busboy\lib\types\multipart.js:394:37)
    at feed (C:\Users\dedih\Desktop\stokerpsistemi\backend-api\node_modules\streamsearch\lib\sbmh.js:219:14)
    at SBMH.push (C:\Users\dedih\Desktop\stokerpsistemi\backend-api\node_modules\streamsearch\lib\sbmh.js:104:16)
    at Multipart._write (C:\Users\dedih\Desktop\stokerpsistemi\backend-api\node_modules\busboy\lib\types\multipart.js:567:19)
2026-08-27T07:35:31.830Z [API HATASI] /api/brands/32 : Error: Desteklenmeyen dosya formatı. Marka görseli için sadece resim dosyaları yüklenebilir (jpeg, png, webp, gif).
    at brandFileFilter (C:\Users\dedih\Desktop\stokerpsistemi\backend-api\server.js:47:12)
    at wrappedFileFilter (C:\Users\dedih\Desktop\stokerpsistemi\backend-api\node_modules\multer\index.js:45:7)
    at Multipart.<anonymous> (C:\Users\dedih\Desktop\stokerpsistemi\backend-api\node_modules\multer\lib\make-middleware.js:193:7)
    at Multipart.emit (node:events:509:28)
    at HeaderParser.cb (C:\Users\dedih\Desktop\stokerpsistemi\backend-api\node_modules\busboy\lib\types\multipart.js:358:14)
    at HeaderParser.push (C:\Users\dedih\Desktop\stokerpsistemi\backend-api\node_modules\busboy\lib\types\multipart.js:162:20)
    at SBMH.ssCb [as _cb] (C:\Users\dedih\Desktop\stokerpsistemi\backend-api\node_modules\busboy\lib\types\multipart.js:394:37)
    at feed (C:\Users\dedih\Desktop\stokerpsistemi\backend-api\node_modules\streamsearch\lib\sbmh.js:219:14)
    at SBMH.push (C:\Users\dedih\Desktop\stokerpsistemi\backend-api\node_modules\streamsearch\lib\sbmh.js:104:16)
    at Multipart._write (C:\Users\dedih\Desktop\stokerpsistemi\backend-api\node_modules\busboy\lib\types\multipart.js:567:19)
2026-08-27T07:35:32.015Z [API HATASI] /api/brands/32 : Error: Desteklenmeyen dosya formatı. Marka görseli için sadece resim dosyaları yüklenebilir (jpeg, png, webp, gif).
    at brandFileFilter (C:\Users\dedih\Desktop\stokerpsistemi\backend-api\server.js:47:12)
    at wrappedFileFilter (C:\Users\dedih\Desktop\stokerpsistemi\backend-api\node_modules\multer\index.js:45:7)
    at Multipart.<anonymous> (C:\Users\dedih\Desktop\stokerpsistemi\backend-api\node_modules\multer\lib\make-middleware.js:193:7)
    at Multipart.emit (node:events:509:28)
    at HeaderParser.cb (C:\Users\dedih\Desktop\stokerpsistemi\backend-api\node_modules\busboy\lib\types\multipart.js:358:14)
    at HeaderParser.push (C:\Users\dedih\Desktop\stokerpsistemi\backend-api\node_modules\busboy\lib\types\multipart.js:162:20)
    at SBMH.ssCb [as _cb] (C:\Users\dedih\Desktop\stokerpsistemi\backend-api\node_modules\busboy\lib\types\multipart.js:394:37)
    at feed (C:\Users\dedih\Desktop\stokerpsistemi\backend-api\node_modules\streamsearch\lib\sbmh.js:219:14)
    at SBMH.push (C:\Users\dedih\Desktop\stokerpsistemi\backend-api\node_modules\streamsearch\lib\sbmh.js:104:16)
    at Multipart._write (C:\Users\dedih\Desktop\stokerpsistemi\backend-api\node_modules\busboy\lib\types\multipart.js:567:19)
2026-08-27T07:35:32.196Z [API HATASI] /api/brands/32 : Error: Desteklenmeyen dosya formatı. Marka görseli için sadece resim dosyaları yüklenebilir (jpeg, png, webp, gif).
    at brandFileFilter (C:\Users\dedih\Desktop\stokerpsistemi\backend-api\server.js:47:12)
    at wrappedFileFilter (C:\Users\dedih\Desktop\stokerpsistemi\backend-api\node_modules\multer\index.js:45:7)
    at Multipart.<anonymous> (C:\Users\dedih\Desktop\stokerpsistemi\backend-api\node_modules\multer\lib\make-middleware.js:193:7)
    at Multipart.emit (node:events:509:28)
    at HeaderParser.cb (C:\Users\dedih\Desktop\stokerpsistemi\backend-api\node_modules\busboy\lib\types\multipart.js:358:14)
    at HeaderParser.push (C:\Users\dedih\Desktop\stokerpsistemi\backend-api\node_modules\busboy\lib\types\multipart.js:162:20)
    at SBMH.ssCb [as _cb] (C:\Users\dedih\Desktop\stokerpsistemi\backend-api\node_modules\busboy\lib\types\multipart.js:394:37)
    at feed (C:\Users\dedih\Desktop\stokerpsistemi\backend-api\node_modules\streamsearch\lib\sbmh.js:219:14)
    at SBMH.push (C:\Users\dedih\Desktop\stokerpsistemi\backend-api\node_modules\streamsearch\lib\sbmh.js:104:16)
    at Multipart._write (C:\Users\dedih\Desktop\stokerpsistemi\backend-api\node_modules\busboy\lib\types\multipart.js:567:19)
2026-08-27T07:35:32.370Z [API HATASI] /api/brands/32 : Error: Desteklenmeyen dosya formatı. Marka görseli için sadece resim dosyaları yüklenebilir (jpeg, png, webp, gif).
    at brandFileFilter (C:\Users\dedih\Desktop\stokerpsistemi\backend-api\server.js:47:12)
    at wrappedFileFilter (C:\Users\dedih\Desktop\stokerpsistemi\backend-api\node_modules\multer\index.js:45:7)
    at Multipart.<anonymous> (C:\Users\dedih\Desktop\stokerpsistemi\backend-api\node_modules\multer\lib\make-middleware.js:193:7)
    at Multipart.emit (node:events:509:28)
    at HeaderParser.cb (C:\Users\dedih\Desktop\stokerpsistemi\backend-api\node_modules\busboy\lib\types\multipart.js:358:14)
    at HeaderParser.push (C:\Users\dedih\Desktop\stokerpsistemi\backend-api\node_modules\busboy\lib\types\multipart.js:162:20)
    at SBMH.ssCb [as _cb] (C:\Users\dedih\Desktop\stokerpsistemi\backend-api\node_modules\busboy\lib\types\multipart.js:394:37)
    at feed (C:\Users\dedih\Desktop\stokerpsistemi\backend-api\node_modules\streamsearch\lib\sbmh.js:219:14)
    at SBMH.push (C:\Users\dedih\Desktop\stokerpsistemi\backend-api\node_modules\streamsearch\lib\sbmh.js:104:16)
    at Multipart._write (C:\Users\dedih\Desktop\stokerpsistemi\backend-api\node_modules\busboy\lib\types\multipart.js:567:19)
2026-08-27T07:36:19.515Z [API HATASI] /api/brands/29 : Error: Desteklenmeyen dosya formatı. Marka görseli için sadece resim dosyaları yüklenebilir (jpeg, png, webp, gif).
    at brandFileFilter (C:\Users\dedih\Desktop\stokerpsistemi\backend-api\server.js:47:12)
    at wrappedFileFilter (C:\Users\dedih\Desktop\stokerpsistemi\backend-api\node_modules\multer\index.js:45:7)
    at Multipart.<anonymous> (C:\Users\dedih\Desktop\stokerpsistemi\backend-api\node_modules\multer\lib\make-middleware.js:193:7)
    at Multipart.emit (node:events:509:28)
    at HeaderParser.cb (C:\Users\dedih\Desktop\stokerpsistemi\backend-api\node_modules\busboy\lib\types\multipart.js:358:14)
    at HeaderParser.push (C:\Users\dedih\Desktop\stokerpsistemi\backend-api\node_modules\busboy\lib\types\multipart.js:162:20)
    at SBMH.ssCb [as _cb] (C:\Users\dedih\Desktop\stokerpsistemi\backend-api\node_modules\busboy\lib\types\multipart.js:394:37)
    at feed (C:\Users\dedih\Desktop\stokerpsistemi\backend-api\node_modules\streamsearch\lib\sbmh.js:219:14)
    at SBMH.push (C:\Users\dedih\Desktop\stokerpsistemi\backend-api\node_modules\streamsearch\lib\sbmh.js:104:16)
    at Multipart._write (C:\Users\dedih\Desktop\stokerpsistemi\backend-api\node_modules\busboy\lib\types\multipart.js:567:19)
2026-08-27T07:36:20.839Z [API HATASI] /api/brands/29 : Error: Desteklenmeyen dosya formatı. Marka görseli için sadece resim dosyaları yüklenebilir (jpeg, png, webp, gif).
    at brandFileFilter (C:\Users\dedih\Desktop\stokerpsistemi\backend-api\server.js:47:12)
    at wrappedFileFilter (C:\Users\dedih\Desktop\stokerpsistemi\backend-api\node_modules\multer\index.js:45:7)
    at Multipart.<anonymous> (C:\Users\dedih\Desktop\stokerpsistemi\backend-api\node_modules\multer\lib\make-middleware.js:193:7)
    at Multipart.emit (node:events:509:28)
    at HeaderParser.cb (C:\Users\dedih\Desktop\stokerpsistemi\backend-api\node_modules\busboy\lib\types\multipart.js:358:14)
    at HeaderParser.push (C:\Users\dedih\Desktop\stokerpsistemi\backend-api\node_modules\busboy\lib\types\multipart.js:162:20)
    at SBMH.ssCb [as _cb] (C:\Users\dedih\Desktop\stokerpsistemi\backend-api\node_modules\busboy\lib\types\multipart.js:394:37)
    at feed (C:\Users\dedih\Desktop\stokerpsistemi\backend-api\node_modules\streamsearch\lib\sbmh.js:219:14)
    at SBMH.push (C:\Users\dedih\Desktop\stokerpsistemi\backend-api\node_modules\streamsearch\lib\sbmh.js:104:16)
    at Multipart._write (C:\Users\dedih\Desktop\stokerpsistemi\backend-api\node_modules\busboy\lib\types\multipart.js:567:19)
2026-08-27T07:36:21.017Z [API HATASI] /api/brands/29 : Error: Desteklenmeyen dosya formatı. Marka görseli için sadece resim dosyaları yüklenebilir (jpeg, png, webp, gif).
    at brandFileFilter (C:\Users\dedih\Desktop\stokerpsistemi\backend-api\server.js:47:12)
    at wrappedFileFilter (C:\Users\dedih\Desktop\stokerpsistemi\backend-api\node_modules\multer\index.js:45:7)
    at Multipart.<anonymous> (C:\Users\dedih\Desktop\stokerpsistemi\backend-api\node_modules\multer\lib\make-middleware.js:193:7)
    at Multipart.emit (node:events:509:28)
    at HeaderParser.cb (C:\Users\dedih\Desktop\stokerpsistemi\backend-api\node_modules\busboy\lib\types\multipart.js:358:14)
    at HeaderParser.push (C:\Users\dedih\Desktop\stokerpsistemi\backend-api\node_modules\busboy\lib\types\multipart.js:162:20)
    at SBMH.ssCb [as _cb] (C:\Users\dedih\Desktop\stokerpsistemi\backend-api\node_modules\busboy\lib\types\multipart.js:394:37)
    at feed (C:\Users\dedih\Desktop\stokerpsistemi\backend-api\node_modules\streamsearch\lib\sbmh.js:219:14)
    at SBMH.push (C:\Users\dedih\Desktop\stokerpsistemi\backend-api\node_modules\streamsearch\lib\sbmh.js:104:16)
    at Multipart._write (C:\Users\dedih\Desktop\stokerpsistemi\backend-api\node_modules\busboy\lib\types\multipart.js:567:19)
2026-08-27T07:36:21.192Z [API HATASI] /api/brands/29 : Error: Desteklenmeyen dosya formatı. Marka görseli için sadece resim dosyaları yüklenebilir (jpeg, png, webp, gif).
    at brandFileFilter (C:\Users\dedih\Desktop\stokerpsistemi\backend-api\server.js:47:12)
    at wrappedFileFilter (C:\Users\dedih\Desktop\stokerpsistemi\backend-api\node_modules\multer\index.js:45:7)
    at Multipart.<anonymous> (C:\Users\dedih\Desktop\stokerpsistemi\backend-api\node_modules\multer\lib\make-middleware.js:193:7)
    at Multipart.emit (node:events:509:28)
    at HeaderParser.cb (C:\Users\dedih\Desktop\stokerpsistemi\backend-api\node_modules\busboy\lib\types\multipart.js:358:14)
    at HeaderParser.push (C:\Users\dedih\Desktop\stokerpsistemi\backend-api\node_modules\busboy\lib\types\multipart.js:162:20)
    at SBMH.ssCb [as _cb] (C:\Users\dedih\Desktop\stokerpsistemi\backend-api\node_modules\busboy\lib\types\multipart.js:394:37)
    at feed (C:\Users\dedih\Desktop\stokerpsistemi\backend-api\node_modules\streamsearch\lib\sbmh.js:219:14)
    at SBMH.push (C:\Users\dedih\Desktop\stokerpsistemi\backend-api\node_modules\streamsearch\lib\sbmh.js:104:16)
    at Multipart._write (C:\Users\dedih\Desktop\stokerpsistemi\backend-api\node_modules\busboy\lib\types\multipart.js:567:19)
2026-08-27T07:36:21.371Z [API HATASI] /api/brands/29 : Error: Desteklenmeyen dosya formatı. Marka görseli için sadece resim dosyaları yüklenebilir (jpeg, png, webp, gif).
    at brandFileFilter (C:\Users\dedih\Desktop\stokerpsistemi\backend-api\server.js:47:12)
    at wrappedFileFilter (C:\Users\dedih\Desktop\stokerpsistemi\backend-api\node_modules\multer\index.js:45:7)
    at Multipart.<anonymous> (C:\Users\dedih\Desktop\stokerpsistemi\backend-api\node_modules\multer\lib\make-middleware.js:193:7)
    at Multipart.emit (node:events:509:28)
    at HeaderParser.cb (C:\Users\dedih\Desktop\stokerpsistemi\backend-api\node_modules\busboy\lib\types\multipart.js:358:14)
    at HeaderParser.push (C:\Users\dedih\Desktop\stokerpsistemi\backend-api\node_modules\busboy\lib\types\multipart.js:162:20)
    at SBMH.ssCb [as _cb] (C:\Users\dedih\Desktop\stokerpsistemi\backend-api\node_modules\busboy\lib\types\multipart.js:394:37)
    at feed (C:\Users\dedih\Desktop\stokerpsistemi\backend-api\node_modules\streamsearch\lib\sbmh.js:219:14)
    at SBMH.push (C:\Users\dedih\Desktop\stokerpsistemi\backend-api\node_modules\streamsearch\lib\sbmh.js:104:16)
    at Multipart._write (C:\Users\dedih\Desktop\stokerpsistemi\backend-api\node_modules\busboy\lib\types\multipart.js:567:19)
2026-08-27T07:36:21.565Z [API HATASI] /api/brands/29 : Error: Desteklenmeyen dosya formatı. Marka görseli için sadece resim dosyaları yüklenebilir (jpeg, png, webp, gif).
    at brandFileFilter (C:\Users\dedih\Desktop\stokerpsistemi\backend-api\server.js:47:12)
    at wrappedFileFilter (C:\Users\dedih\Desktop\stokerpsistemi\backend-api\node_modules\multer\index.js:45:7)
    at Multipart.<anonymous> (C:\Users\dedih\Desktop\stokerpsistemi\backend-api\node_modules\multer\lib\make-middleware.js:193:7)
    at Multipart.emit (node:events:509:28)
    at HeaderParser.cb (C:\Users\dedih\Desktop\stokerpsistemi\backend-api\node_modules\busboy\lib\types\multipart.js:358:14)
    at HeaderParser.push (C:\Users\dedih\Desktop\stokerpsistemi\backend-api\node_modules\busboy\lib\types\multipart.js:162:20)
    at SBMH.ssCb [as _cb] (C:\Users\dedih\Desktop\stokerpsistemi\backend-api\node_modules\busboy\lib\types\multipart.js:394:37)
    at feed (C:\Users\dedih\Desktop\stokerpsistemi\backend-api\node_modules\streamsearch\lib\sbmh.js:219:14)
    at SBMH.push (C:\Users\dedih\Desktop\stokerpsistemi\backend-api\node_modules\streamsearch\lib\sbmh.js:104:16)
    at Multipart._write (C:\Users\dedih\Desktop\stokerpsistemi\backend-api\node_modules\busboy\lib\types\multipart.js:567:19)
2026-08-27T07:36:21.755Z [API HATASI] /api/brands/29 : Error: Desteklenmeyen dosya formatı. Marka görseli için sadece resim dosyaları yüklenebilir (jpeg, png, webp, gif).
    at brandFileFilter (C:\Users\dedih\Desktop\stokerpsistemi\backend-api\server.js:47:12)
    at wrappedFileFilter (C:\Users\dedih\Desktop\stokerpsistemi\backend-api\node_modules\multer\index.js:45:7)
    at Multipart.<anonymous> (C:\Users\dedih\Desktop\stokerpsistemi\backend-api\node_modules\multer\lib\make-middleware.js:193:7)
    at Multipart.emit (node:events:509:28)
    at HeaderParser.cb (C:\Users\dedih\Desktop\stokerpsistemi\backend-api\node_modules\busboy\lib\types\multipart.js:358:14)
    at HeaderParser.push (C:\Users\dedih\Desktop\stokerpsistemi\backend-api\node_modules\busboy\lib\types\multipart.js:162:20)
    at SBMH.ssCb [as _cb] (C:\Users\dedih\Desktop\stokerpsistemi\backend-api\node_modules\busboy\lib\types\multipart.js:394:37)
    at feed (C:\Users\dedih\Desktop\stokerpsistemi\backend-api\node_modules\streamsearch\lib\sbmh.js:219:14)
    at SBMH.push (C:\Users\dedih\Desktop\stokerpsistemi\backend-api\node_modules\streamsearch\lib\sbmh.js:104:16)
    at Multipart._write (C:\Users\dedih\Desktop\stokerpsistemi\backend-api\node_modules\busboy\lib\types\multipart.js:567:19)
2026-08-27T07:36:21.984Z [API HATASI] /api/brands/29 : Error: Desteklenmeyen dosya formatı. Marka görseli için sadece resim dosyaları yüklenebilir (jpeg, png, webp, gif).
    at brandFileFilter (C:\Users\dedih\Desktop\stokerpsistemi\backend-api\server.js:47:12)
    at wrappedFileFilter (C:\Users\dedih\Desktop\stokerpsistemi\backend-api\node_modules\multer\index.js:45:7)
    at Multipart.<anonymous> (C:\Users\dedih\Desktop\stokerpsistemi\backend-api\node_modules\multer\lib\make-middleware.js:193:7)
    at Multipart.emit (node:events:509:28)
    at HeaderParser.cb (C:\Users\dedih\Desktop\stokerpsistemi\backend-api\node_modules\busboy\lib\types\multipart.js:358:14)
    at HeaderParser.push (C:\Users\dedih\Desktop\stokerpsistemi\backend-api\node_modules\busboy\lib\types\multipart.js:162:20)
    at SBMH.ssCb [as _cb] (C:\Users\dedih\Desktop\stokerpsistemi\backend-api\node_modules\busboy\lib\types\multipart.js:394:37)
    at feed (C:\Users\dedih\Desktop\stokerpsistemi\backend-api\node_modules\streamsearch\lib\sbmh.js:219:14)
    at SBMH.push (C:\Users\dedih\Desktop\stokerpsistemi\backend-api\node_modules\streamsearch\lib\sbmh.js:104:16)
    at Multipart._write (C:\Users\dedih\Desktop\stokerpsistemi\backend-api\node_modules\busboy\lib\types\multipart.js:567:19)
2026-08-27T07:36:22.237Z [API HATASI] /api/brands/29 : Error: Desteklenmeyen dosya formatı. Marka görseli için sadece resim dosyaları yüklenebilir (jpeg, png, webp, gif).
    at brandFileFilter (C:\Users\dedih\Desktop\stokerpsistemi\backend-api\server.js:47:12)
    at wrappedFileFilter (C:\Users\dedih\Desktop\stokerpsistemi\backend-api\node_modules\multer\index.js:45:7)
    at Multipart.<anonymous> (C:\Users\dedih\Desktop\stokerpsistemi\backend-api\node_modules\multer\lib\make-middleware.js:193:7)
    at Multipart.emit (node:events:509:28)
    at HeaderParser.cb (C:\Users\dedih\Desktop\stokerpsistemi\backend-api\node_modules\busboy\lib\types\multipart.js:358:14)
    at HeaderParser.push (C:\Users\dedih\Desktop\stokerpsistemi\backend-api\node_modules\busboy\lib\types\multipart.js:162:20)
    at SBMH.ssCb [as _cb] (C:\Users\dedih\Desktop\stokerpsistemi\backend-api\node_modules\busboy\lib\types\multipart.js:394:37)
    at feed (C:\Users\dedih\Desktop\stokerpsistemi\backend-api\node_modules\streamsearch\lib\sbmh.js:219:14)
    at SBMH.push (C:\Users\dedih\Desktop\stokerpsistemi\backend-api\node_modules\streamsearch\lib\sbmh.js:104:16)
    at Multipart._write (C:\Users\dedih\Desktop\stokerpsistemi\backend-api\node_modules\busboy\lib\types\multipart.js:567:19)
2026-08-27T07:36:22.458Z [API HATASI] /api/brands/29 : Error: Desteklenmeyen dosya formatı. Marka görseli için sadece resim dosyaları yüklenebilir (jpeg, png, webp, gif).
    at brandFileFilter (C:\Users\dedih\Desktop\stokerpsistemi\backend-api\server.js:47:12)
    at wrappedFileFilter (C:\Users\dedih\Desktop\stokerpsistemi\backend-api\node_modules\multer\index.js:45:7)
    at Multipart.<anonymous> (C:\Users\dedih\Desktop\stokerpsistemi\backend-api\node_modules\multer\lib\make-middleware.js:193:7)
    at Multipart.emit (node:events:509:28)
    at HeaderParser.cb (C:\Users\dedih\Desktop\stokerpsistemi\backend-api\node_modules\busboy\lib\types\multipart.js:358:14)
    at HeaderParser.push (C:\Users\dedih\Desktop\stokerpsistemi\backend-api\node_modules\busboy\lib\types\multipart.js:162:20)
    at SBMH.ssCb [as _cb] (C:\Users\dedih\Desktop\stokerpsistemi\backend-api\node_modules\busboy\lib\types\multipart.js:394:37)
    at feed (C:\Users\dedih\Desktop\stokerpsistemi\backend-api\node_modules\streamsearch\lib\sbmh.js:219:14)
    at SBMH.push (C:\Users\dedih\Desktop\stokerpsistemi\backend-api\node_modules\streamsearch\lib\sbmh.js:104:16)
    at Multipart._write (C:\Users\dedih\Desktop\stokerpsistemi\backend-api\node_modules\busboy\lib\types\multipart.js:567:19)
2026-08-27T07:36:22.683Z [API HATASI] /api/brands/29 : Error: Desteklenmeyen dosya formatı. Marka görseli için sadece resim dosyaları yüklenebilir (jpeg, png, webp, gif).
    at brandFileFilter (C:\Users\dedih\Desktop\stokerpsistemi\backend-api\server.js:47:12)
    at wrappedFileFilter (C:\Users\dedih\Desktop\stokerpsistemi\backend-api\node_modules\multer\index.js:45:7)
    at Multipart.<anonymous> (C:\Users\dedih\Desktop\stokerpsistemi\backend-api\node_modules\multer\lib\make-middleware.js:193:7)
    at Multipart.emit (node:events:509:28)
    at HeaderParser.cb (C:\Users\dedih\Desktop\stokerpsistemi\backend-api\node_modules\busboy\lib\types\multipart.js:358:14)
    at HeaderParser.push (C:\Users\dedih\Desktop\stokerpsistemi\backend-api\node_modules\busboy\lib\types\multipart.js:162:20)
    at SBMH.ssCb [as _cb] (C:\Users\dedih\Desktop\stokerpsistemi\backend-api\node_modules\busboy\lib\types\multipart.js:394:37)
    at feed (C:\Users\dedih\Desktop\stokerpsistemi\backend-api\node_modules\streamsearch\lib\sbmh.js:219:14)
    at SBMH.push (C:\Users\dedih\Desktop\stokerpsistemi\backend-api\node_modules\streamsearch\lib\sbmh.js:104:16)
    at Multipart._write (C:\Users\dedih\Desktop\stokerpsistemi\backend-api\node_modules\busboy\lib\types\multipart.js:567:19)
2026-08-27T07:36:22.885Z [API HATASI] /api/brands/29 : Error: Desteklenmeyen dosya formatı. Marka görseli için sadece resim dosyaları yüklenebilir (jpeg, png, webp, gif).
    at brandFileFilter (C:\Users\dedih\Desktop\stokerpsistemi\backend-api\server.js:47:12)
    at wrappedFileFilter (C:\Users\dedih\Desktop\stokerpsistemi\backend-api\node_modules\multer\index.js:45:7)
    at Multipart.<anonymous> (C:\Users\dedih\Desktop\stokerpsistemi\backend-api\node_modules\multer\lib\make-middleware.js:193:7)
    at Multipart.emit (node:events:509:28)
    at HeaderParser.cb (C:\Users\dedih\Desktop\stokerpsistemi\backend-api\node_modules\busboy\lib\types\multipart.js:358:14)
    at HeaderParser.push (C:\Users\dedih\Desktop\stokerpsistemi\backend-api\node_modules\busboy\lib\types\multipart.js:162:20)
    at SBMH.ssCb [as _cb] (C:\Users\dedih\Desktop\stokerpsistemi\backend-api\node_modules\busboy\lib\types\multipart.js:394:37)
    at feed (C:\Users\dedih\Desktop\stokerpsistemi\backend-api\node_modules\streamsearch\lib\sbmh.js:219:14)
    at SBMH.push (C:\Users\dedih\Desktop\stokerpsistemi\backend-api\node_modules\streamsearch\lib\sbmh.js:104:16)
    at Multipart._write (C:\Users\dedih\Desktop\stokerpsistemi\backend-api\node_modules\busboy\lib\types\multipart.js:567:19)
2026-08-27T07:36:23.091Z [API HATASI] /api/brands/29 : Error: Desteklenmeyen dosya formatı. Marka görseli için sadece resim dosyaları yüklenebilir (jpeg, png, webp, gif).
    at brandFileFilter (C:\Users\dedih\Desktop\stokerpsistemi\backend-api\server.js:47:12)
    at wrappedFileFilter (C:\Users\dedih\Desktop\stokerpsistemi\backend-api\node_modules\multer\index.js:45:7)
    at Multipart.<anonymous> (C:\Users\dedih\Desktop\stokerpsistemi\backend-api\node_modules\multer\lib\make-middleware.js:193:7)
    at Multipart.emit (node:events:509:28)
    at HeaderParser.cb (C:\Users\dedih\Desktop\stokerpsistemi\backend-api\node_modules\busboy\lib\types\multipart.js:358:14)
    at HeaderParser.push (C:\Users\dedih\Desktop\stokerpsistemi\backend-api\node_modules\busboy\lib\types\multipart.js:162:20)
    at SBMH.ssCb [as _cb] (C:\Users\dedih\Desktop\stokerpsistemi\backend-api\node_modules\busboy\lib\types\multipart.js:394:37)
    at feed (C:\Users\dedih\Desktop\stokerpsistemi\backend-api\node_modules\streamsearch\lib\sbmh.js:219:14)
    at SBMH.push (C:\Users\dedih\Desktop\stokerpsistemi\backend-api\node_modules\streamsearch\lib\sbmh.js:104:16)
    at Multipart._write (C:\Users\dedih\Desktop\stokerpsistemi\backend-api\node_modules\busboy\lib\types\multipart.js:567:19)
2026-08-27T07:36:23.292Z [API HATASI] /api/brands/29 : Error: Desteklenmeyen dosya formatı. Marka görseli için sadece resim dosyaları yüklenebilir (jpeg, png, webp, gif).
    at brandFileFilter (C:\Users\dedih\Desktop\stokerpsistemi\backend-api\server.js:47:12)
    at wrappedFileFilter (C:\Users\dedih\Desktop\stokerpsistemi\backend-api\node_modules\multer\index.js:45:7)
    at Multipart.<anonymous> (C:\Users\dedih\Desktop\stokerpsistemi\backend-api\node_modules\multer\lib\make-middleware.js:193:7)
    at Multipart.emit (node:events:509:28)
    at HeaderParser.cb (C:\Users\dedih\Desktop\stokerpsistemi\backend-api\node_modules\busboy\lib\types\multipart.js:358:14)
    at HeaderParser.push (C:\Users\dedih\Desktop\stokerpsistemi\backend-api\node_modules\busboy\lib\types\multipart.js:162:20)
    at SBMH.ssCb [as _cb] (C:\Users\dedih\Desktop\stokerpsistemi\backend-api\node_modules\busboy\lib\types\multipart.js:394:37)
    at feed (C:\Users\dedih\Desktop\stokerpsistemi\backend-api\node_modules\streamsearch\lib\sbmh.js:219:14)
    at SBMH.push (C:\Users\dedih\Desktop\stokerpsistemi\backend-api\node_modules\streamsearch\lib\sbmh.js:104:16)
    at Multipart._write (C:\Users\dedih\Desktop\stokerpsistemi\backend-api\node_modules\busboy\lib\types\multipart.js:567:19)
2026-08-27T07:36:23.491Z [API HATASI] /api/brands/29 : Error: Desteklenmeyen dosya formatı. Marka görseli için sadece resim dosyaları yüklenebilir (jpeg, png, webp, gif).
    at brandFileFilter (C:\Users\dedih\Desktop\stokerpsistemi\backend-api\server.js:47:12)
    at wrappedFileFilter (C:\Users\dedih\Desktop\stokerpsistemi\backend-api\node_modules\multer\index.js:45:7)
    at Multipart.<anonymous> (C:\Users\dedih\Desktop\stokerpsistemi\backend-api\node_modules\multer\lib\make-middleware.js:193:7)
    at Multipart.emit (node:events:509:28)
    at HeaderParser.cb (C:\Users\dedih\Desktop\stokerpsistemi\backend-api\node_modules\busboy\lib\types\multipart.js:358:14)
    at HeaderParser.push (C:\Users\dedih\Desktop\stokerpsistemi\backend-api\node_modules\busboy\lib\types\multipart.js:162:20)
    at SBMH.ssCb [as _cb] (C:\Users\dedih\Desktop\stokerpsistemi\backend-api\node_modules\busboy\lib\types\multipart.js:394:37)
    at feed (C:\Users\dedih\Desktop\stokerpsistemi\backend-api\node_modules\streamsearch\lib\sbmh.js:219:14)
    at SBMH.push (C:\Users\dedih\Desktop\stokerpsistemi\backend-api\node_modules\streamsearch\lib\sbmh.js:104:16)
    at Multipart._write (C:\Users\dedih\Desktop\stokerpsistemi\backend-api\node_modules\busboy\lib\types\multipart.js:567:19)
2026-08-27T07:36:23.678Z [API HATASI] /api/brands/29 : Error: Desteklenmeyen dosya formatı. Marka görseli için sadece resim dosyaları yüklenebilir (jpeg, png, webp, gif).
    at brandFileFilter (C:\Users\dedih\Desktop\stokerpsistemi\backend-api\server.js:47:12)
    at wrappedFileFilter (C:\Users\dedih\Desktop\stokerpsistemi\backend-api\node_modules\multer\index.js:45:7)
    at Multipart.<anonymous> (C:\Users\dedih\Desktop\stokerpsistemi\backend-api\node_modules\multer\lib\make-middleware.js:193:7)
    at Multipart.emit (node:events:509:28)
    at HeaderParser.cb (C:\Users\dedih\Desktop\stokerpsistemi\backend-api\node_modules\busboy\lib\types\multipart.js:358:14)
    at HeaderParser.push (C:\Users\dedih\Desktop\stokerpsistemi\backend-api\node_modules\busboy\lib\types\multipart.js:162:20)
    at SBMH.ssCb [as _cb] (C:\Users\dedih\Desktop\stokerpsistemi\backend-api\node_modules\busboy\lib\types\multipart.js:394:37)
    at feed (C:\Users\dedih\Desktop\stokerpsistemi\backend-api\node_modules\streamsearch\lib\sbmh.js:219:14)
    at SBMH.push (C:\Users\dedih\Desktop\stokerpsistemi\backend-api\node_modules\streamsearch\lib\sbmh.js:104:16)
    at Multipart._write (C:\Users\dedih\Desktop\stokerpsistemi\backend-api\node_modules\busboy\lib\types\multipart.js:567:19)
2026-08-27T07:36:23.905Z [API HATASI] /api/brands/29 : Error: Desteklenmeyen dosya formatı. Marka görseli için sadece resim dosyaları yüklenebilir (jpeg, png, webp, gif).
    at brandFileFilter (C:\Users\dedih\Desktop\stokerpsistemi\backend-api\server.js:47:12)
    at wrappedFileFilter (C:\Users\dedih\Desktop\stokerpsistemi\backend-api\node_modules\multer\index.js:45:7)
    at Multipart.<anonymous> (C:\Users\dedih\Desktop\stokerpsistemi\backend-api\node_modules\multer\lib\make-middleware.js:193:7)
    at Multipart.emit (node:events:509:28)
    at HeaderParser.cb (C:\Users\dedih\Desktop\stokerpsistemi\backend-api\node_modules\busboy\lib\types\multipart.js:358:14)
    at HeaderParser.push (C:\Users\dedih\Desktop\stokerpsistemi\backend-api\node_modules\busboy\lib\types\multipart.js:162:20)
    at SBMH.ssCb [as _cb] (C:\Users\dedih\Desktop\stokerpsistemi\backend-api\node_modules\busboy\lib\types\multipart.js:394:37)
    at feed (C:\Users\dedih\Desktop\stokerpsistemi\backend-api\node_modules\streamsearch\lib\sbmh.js:219:14)
    at SBMH.push (C:\Users\dedih\Desktop\stokerpsistemi\backend-api\node_modules\streamsearch\lib\sbmh.js:104:16)
    at Multipart._write (C:\Users\dedih\Desktop\stokerpsistemi\backend-api\node_modules\busboy\lib\types\multipart.js:567:19)
2026-08-27T07:36:24.141Z [API HATASI] /api/brands/29 : Error: Desteklenmeyen dosya formatı. Marka görseli için sadece resim dosyaları yüklenebilir (jpeg, png, webp, gif).
    at brandFileFilter (C:\Users\dedih\Desktop\stokerpsistemi\backend-api\server.js:47:12)
    at wrappedFileFilter (C:\Users\dedih\Desktop\stokerpsistemi\backend-api\node_modules\multer\index.js:45:7)
    at Multipart.<anonymous> (C:\Users\dedih\Desktop\stokerpsistemi\backend-api\node_modules\multer\lib\make-middleware.js:193:7)
    at Multipart.emit (node:events:509:28)
    at HeaderParser.cb (C:\Users\dedih\Desktop\stokerpsistemi\backend-api\node_modules\busboy\lib\types\multipart.js:358:14)
    at HeaderParser.push (C:\Users\dedih\Desktop\stokerpsistemi\backend-api\node_modules\busboy\lib\types\multipart.js:162:20)
    at SBMH.ssCb [as _cb] (C:\Users\dedih\Desktop\stokerpsistemi\backend-api\node_modules\busboy\lib\types\multipart.js:394:37)
    at feed (C:\Users\dedih\Desktop\stokerpsistemi\backend-api\node_modules\streamsearch\lib\sbmh.js:219:14)
    at SBMH.push (C:\Users\dedih\Desktop\stokerpsistemi\backend-api\node_modules\streamsearch\lib\sbmh.js:104:16)
    at Multipart._write (C:\Users\dedih\Desktop\stokerpsistemi\backend-api\node_modules\busboy\lib\types\multipart.js:567:19)
2026-08-27T07:36:24.332Z [API HATASI] /api/brands/29 : Error: Desteklenmeyen dosya formatı. Marka görseli için sadece resim dosyaları yüklenebilir (jpeg, png, webp, gif).
    at brandFileFilter (C:\Users\dedih\Desktop\stokerpsistemi\backend-api\server.js:47:12)
    at wrappedFileFilter (C:\Users\dedih\Desktop\stokerpsistemi\backend-api\node_modules\multer\index.js:45:7)
    at Multipart.<anonymous> (C:\Users\dedih\Desktop\stokerpsistemi\backend-api\node_modules\multer\lib\make-middleware.js:193:7)
    at Multipart.emit (node:events:509:28)
    at HeaderParser.cb (C:\Users\dedih\Desktop\stokerpsistemi\backend-api\node_modules\busboy\lib\types\multipart.js:358:14)
    at HeaderParser.push (C:\Users\dedih\Desktop\stokerpsistemi\backend-api\node_modules\busboy\lib\types\multipart.js:162:20)
    at SBMH.ssCb [as _cb] (C:\Users\dedih\Desktop\stokerpsistemi\backend-api\node_modules\busboy\lib\types\multipart.js:394:37)
    at feed (C:\Users\dedih\Desktop\stokerpsistemi\backend-api\node_modules\streamsearch\lib\sbmh.js:219:14)
    at SBMH.push (C:\Users\dedih\Desktop\stokerpsistemi\backend-api\node_modules\streamsearch\lib\sbmh.js:104:16)
    at Multipart._write (C:\Users\dedih\Desktop\stokerpsistemi\backend-api\node_modules\busboy\lib\types\multipart.js:567:19)
2026-08-27T07:36:24.531Z [API HATASI] /api/brands/29 : Error: Desteklenmeyen dosya formatı. Marka görseli için sadece resim dosyaları yüklenebilir (jpeg, png, webp, gif).
    at brandFileFilter (C:\Users\dedih\Desktop\stokerpsistemi\backend-api\server.js:47:12)
    at wrappedFileFilter (C:\Users\dedih\Desktop\stokerpsistemi\backend-api\node_modules\multer\index.js:45:7)
    at Multipart.<anonymous> (C:\Users\dedih\Desktop\stokerpsistemi\backend-api\node_modules\multer\lib\make-middleware.js:193:7)
    at Multipart.emit (node:events:509:28)
    at HeaderParser.cb (C:\Users\dedih\Desktop\stokerpsistemi\backend-api\node_modules\busboy\lib\types\multipart.js:358:14)
    at HeaderParser.push (C:\Users\dedih\Desktop\stokerpsistemi\backend-api\node_modules\busboy\lib\types\multipart.js:162:20)
    at SBMH.ssCb [as _cb] (C:\Users\dedih\Desktop\stokerpsistemi\backend-api\node_modules\busboy\lib\types\multipart.js:394:37)
    at feed (C:\Users\dedih\Desktop\stokerpsistemi\backend-api\node_modules\streamsearch\lib\sbmh.js:219:14)
    at SBMH.push (C:\Users\dedih\Desktop\stokerpsistemi\backend-api\node_modules\streamsearch\lib\sbmh.js:104:16)
    at Multipart._write (C:\Users\dedih\Desktop\stokerpsistemi\backend-api\node_modules\busboy\lib\types\multipart.js:567:19)
2026-08-27T07:37:49.876Z [API HATASI] /api/brands/32 : Error: Desteklenmeyen dosya formatı. Marka görseli için sadece resim dosyaları yüklenebilir (jpeg, png, webp, gif).
    at brandFileFilter (C:\Users\dedih\Desktop\stokerpsistemi\backend-api\server.js:47:12)
    at wrappedFileFilter (C:\Users\dedih\Desktop\stokerpsistemi\backend-api\node_modules\multer\index.js:45:7)
    at Multipart.<anonymous> (C:\Users\dedih\Desktop\stokerpsistemi\backend-api\node_modules\multer\lib\make-middleware.js:193:7)
    at Multipart.emit (node:events:509:28)
    at HeaderParser.cb (C:\Users\dedih\Desktop\stokerpsistemi\backend-api\node_modules\busboy\lib\types\multipart.js:358:14)
    at HeaderParser.push (C:\Users\dedih\Desktop\stokerpsistemi\backend-api\node_modules\busboy\lib\types\multipart.js:162:20)
    at SBMH.ssCb [as _cb] (C:\Users\dedih\Desktop\stokerpsistemi\backend-api\node_modules\busboy\lib\types\multipart.js:394:37)
    at feed (C:\Users\dedih\Desktop\stokerpsistemi\backend-api\node_modules\streamsearch\lib\sbmh.js:219:14)
    at SBMH.push (C:\Users\dedih\Desktop\stokerpsistemi\backend-api\node_modules\streamsearch\lib\sbmh.js:104:16)
    at Multipart._write (C:\Users\dedih\Desktop\stokerpsistemi\backend-api\node_modules\busboy\lib\types\multipart.js:567:19)
2026-08-27T07:39:40.455Z [API HATASI] /api/brands/29 : Error: Desteklenmeyen dosya formatı. Marka görseli için sadece resim dosyaları yüklenebilir (jpeg, png, webp, gif).
    at brandFileFilter (C:\Users\dedih\Desktop\stokerpsistemi\backend-api\server.js:47:12)
    at wrappedFileFilter (C:\Users\dedih\Desktop\stokerpsistemi\backend-api\node_modules\multer\index.js:45:7)
    at Multipart.<anonymous> (C:\Users\dedih\Desktop\stokerpsistemi\backend-api\node_modules\multer\lib\make-middleware.js:193:7)
    at Multipart.emit (node:events:509:28)
    at HeaderParser.cb (C:\Users\dedih\Desktop\stokerpsistemi\backend-api\node_modules\busboy\lib\types\multipart.js:358:14)
    at HeaderParser.push (C:\Users\dedih\Desktop\stokerpsistemi\backend-api\node_modules\busboy\lib\types\multipart.js:162:20)
    at SBMH.ssCb [as _cb] (C:\Users\dedih\Desktop\stokerpsistemi\backend-api\node_modules\busboy\lib\types\multipart.js:394:37)
    at feed (C:\Users\dedih\Desktop\stokerpsistemi\backend-api\node_modules\streamsearch\lib\sbmh.js:219:14)
    at SBMH.push (C:\Users\dedih\Desktop\stokerpsistemi\backend-api\node_modules\streamsearch\lib\sbmh.js:104:16)
    at Multipart._write (C:\Users\dedih\Desktop\stokerpsistemi\backend-api\node_modules\busboy\lib\types\multipart.js:567:19)
2026-08-27T07:41:17.173Z [API HATASI] /api/brands/24 : Error: Desteklenmeyen dosya formatı. Marka görseli için sadece resim dosyaları yüklenebilir (jpeg, png, webp, gif).
    at brandFileFilter (C:\Users\dedih\Desktop\stokerpsistemi\backend-api\server.js:47:12)
    at wrappedFileFilter (C:\Users\dedih\Desktop\stokerpsistemi\backend-api\node_modules\multer\index.js:45:7)
    at Multipart.<anonymous> (C:\Users\dedih\Desktop\stokerpsistemi\backend-api\node_modules\multer\lib\make-middleware.js:193:7)
    at Multipart.emit (node:events:509:28)
    at HeaderParser.cb (C:\Users\dedih\Desktop\stokerpsistemi\backend-api\node_modules\busboy\lib\types\multipart.js:358:14)
    at HeaderParser.push (C:\Users\dedih\Desktop\stokerpsistemi\backend-api\node_modules\busboy\lib\types\multipart.js:162:20)
    at SBMH.ssCb [as _cb] (C:\Users\dedih\Desktop\stokerpsistemi\backend-api\node_modules\busboy\lib\types\multipart.js:394:37)
    at feed (C:\Users\dedih\Desktop\stokerpsistemi\backend-api\node_modules\streamsearch\lib\sbmh.js:219:14)
    at SBMH.push (C:\Users\dedih\Desktop\stokerpsistemi\backend-api\node_modules\streamsearch\lib\sbmh.js:104:16)
    at Multipart._write (C:\Users\dedih\Desktop\stokerpsistemi\backend-api\node_modules\busboy\lib\types\multipart.js:567:19)
2026-08-27T07:43:09.762Z [API HATASI] /api/brands/26 : Error: Desteklenmeyen dosya formatı. Marka görseli için sadece resim dosyaları yüklenebilir (jpeg, png, webp, gif).
    at brandFileFilter (C:\Users\dedih\Desktop\stokerpsistemi\backend-api\server.js:47:12)
    at wrappedFileFilter (C:\Users\dedih\Desktop\stokerpsistemi\backend-api\node_modules\multer\index.js:45:7)
    at Multipart.<anonymous> (C:\Users\dedih\Desktop\stokerpsistemi\backend-api\node_modules\multer\lib\make-middleware.js:193:7)
    at Multipart.emit (node:events:509:28)
    at HeaderParser.cb (C:\Users\dedih\Desktop\stokerpsistemi\backend-api\node_modules\busboy\lib\types\multipart.js:358:14)
    at HeaderParser.push (C:\Users\dedih\Desktop\stokerpsistemi\backend-api\node_modules\busboy\lib\types\multipart.js:162:20)
    at SBMH.ssCb [as _cb] (C:\Users\dedih\Desktop\stokerpsistemi\backend-api\node_modules\busboy\lib\types\multipart.js:394:37)
    at feed (C:\Users\dedih\Desktop\stokerpsistemi\backend-api\node_modules\streamsearch\lib\sbmh.js:219:14)
    at SBMH.push (C:\Users\dedih\Desktop\stokerpsistemi\backend-api\node_modules\streamsearch\lib\sbmh.js:104:16)
    at Multipart._write (C:\Users\dedih\Desktop\stokerpsistemi\backend-api\node_modules\busboy\lib\types\multipart.js:567:19)
2026-08-27T07:43:19.756Z [API HATASI] /api/brands/29 : Error: Desteklenmeyen dosya formatı. Marka görseli için sadece resim dosyaları yüklenebilir (jpeg, png, webp, gif).
    at brandFileFilter (C:\Users\dedih\Desktop\stokerpsistemi\backend-api\server.js:47:12)
    at wrappedFileFilter (C:\Users\dedih\Desktop\stokerpsistemi\backend-api\node_modules\multer\index.js:45:7)
    at Multipart.<anonymous> (C:\Users\dedih\Desktop\stokerpsistemi\backend-api\node_modules\multer\lib\make-middleware.js:193:7)
    at Multipart.emit (node:events:509:28)
    at HeaderParser.cb (C:\Users\dedih\Desktop\stokerpsistemi\backend-api\node_modules\busboy\lib\types\multipart.js:358:14)
    at HeaderParser.push (C:\Users\dedih\Desktop\stokerpsistemi\backend-api\node_modules\busboy\lib\types\multipart.js:162:20)
    at SBMH.ssCb [as _cb] (C:\Users\dedih\Desktop\stokerpsistemi\backend-api\node_modules\busboy\lib\types\multipart.js:394:37)
    at feed (C:\Users\dedih\Desktop\stokerpsistemi\backend-api\node_modules\streamsearch\lib\sbmh.js:219:14)
    at SBMH.push (C:\Users\dedih\Desktop\stokerpsistemi\backend-api\node_modules\streamsearch\lib\sbmh.js:104:16)
    at Multipart._write (C:\Users\dedih\Desktop\stokerpsistemi\backend-api\node_modules\busboy\lib\types\multipart.js:567:19)
2026-08-27T07:43:20.213Z [API HATASI] /api/brands/29 : Error: Desteklenmeyen dosya formatı. Marka görseli için sadece resim dosyaları yüklenebilir (jpeg, png, webp, gif).
    at brandFileFilter (C:\Users\dedih\Desktop\stokerpsistemi\backend-api\server.js:47:12)
    at wrappedFileFilter (C:\Users\dedih\Desktop\stokerpsistemi\backend-api\node_modules\multer\index.js:45:7)
    at Multipart.<anonymous> (C:\Users\dedih\Desktop\stokerpsistemi\backend-api\node_modules\multer\lib\make-middleware.js:193:7)
    at Multipart.emit (node:events:509:28)
    at HeaderParser.cb (C:\Users\dedih\Desktop\stokerpsistemi\backend-api\node_modules\busboy\lib\types\multipart.js:358:14)
    at HeaderParser.push (C:\Users\dedih\Desktop\stokerpsistemi\backend-api\node_modules\busboy\lib\types\multipart.js:162:20)
    at SBMH.ssCb [as _cb] (C:\Users\dedih\Desktop\stokerpsistemi\backend-api\node_modules\busboy\lib\types\multipart.js:394:37)
    at feed (C:\Users\dedih\Desktop\stokerpsistemi\backend-api\node_modules\streamsearch\lib\sbmh.js:219:14)
    at SBMH.push (C:\Users\dedih\Desktop\stokerpsistemi\backend-api\node_modules\streamsearch\lib\sbmh.js:104:16)
    at Multipart._write (C:\Users\dedih\Desktop\stokerpsistemi\backend-api\node_modules\busboy\lib\types\multipart.js:567:19)
2026-08-27T07:43:20.398Z [API HATASI] /api/brands/29 : Error: Desteklenmeyen dosya formatı. Marka görseli için sadece resim dosyaları yüklenebilir (jpeg, png, webp, gif).
    at brandFileFilter (C:\Users\dedih\Desktop\stokerpsistemi\backend-api\server.js:47:12)
    at wrappedFileFilter (C:\Users\dedih\Desktop\stokerpsistemi\backend-api\node_modules\multer\index.js:45:7)
    at Multipart.<anonymous> (C:\Users\dedih\Desktop\stokerpsistemi\backend-api\node_modules\multer\lib\make-middleware.js:193:7)
    at Multipart.emit (node:events:509:28)
    at HeaderParser.cb (C:\Users\dedih\Desktop\stokerpsistemi\backend-api\node_modules\busboy\lib\types\multipart.js:358:14)
    at HeaderParser.push (C:\Users\dedih\Desktop\stokerpsistemi\backend-api\node_modules\busboy\lib\types\multipart.js:162:20)
    at SBMH.ssCb [as _cb] (C:\Users\dedih\Desktop\stokerpsistemi\backend-api\node_modules\busboy\lib\types\multipart.js:394:37)
    at feed (C:\Users\dedih\Desktop\stokerpsistemi\backend-api\node_modules\streamsearch\lib\sbmh.js:219:14)
    at SBMH.push (C:\Users\dedih\Desktop\stokerpsistemi\backend-api\node_modules\streamsearch\lib\sbmh.js:104:16)
    at Multipart._write (C:\Users\dedih\Desktop\stokerpsistemi\backend-api\node_modules\busboy\lib\types\multipart.js:567:19)
2026-08-27T07:43:20.561Z [API HATASI] /api/brands/29 : Error: Desteklenmeyen dosya formatı. Marka görseli için sadece resim dosyaları yüklenebilir (jpeg, png, webp, gif).
    at brandFileFilter (C:\Users\dedih\Desktop\stokerpsistemi\backend-api\server.js:47:12)
    at wrappedFileFilter (C:\Users\dedih\Desktop\stokerpsistemi\backend-api\node_modules\multer\index.js:45:7)
    at Multipart.<anonymous> (C:\Users\dedih\Desktop\stokerpsistemi\backend-api\node_modules\multer\lib\make-middleware.js:193:7)
    at Multipart.emit (node:events:509:28)
    at HeaderParser.cb (C:\Users\dedih\Desktop\stokerpsistemi\backend-api\node_modules\busboy\lib\types\multipart.js:358:14)
    at HeaderParser.push (C:\Users\dedih\Desktop\stokerpsistemi\backend-api\node_modules\busboy\lib\types\multipart.js:162:20)
    at SBMH.ssCb [as _cb] (C:\Users\dedih\Desktop\stokerpsistemi\backend-api\node_modules\busboy\lib\types\multipart.js:394:37)
    at feed (C:\Users\dedih\Desktop\stokerpsistemi\backend-api\node_modules\streamsearch\lib\sbmh.js:219:14)
    at SBMH.push (C:\Users\dedih\Desktop\stokerpsistemi\backend-api\node_modules\streamsearch\lib\sbmh.js:104:16)
    at Multipart._write (C:\Users\dedih\Desktop\stokerpsistemi\backend-api\node_modules\busboy\lib\types\multipart.js:567:19)
2026-08-27T07:43:20.733Z [API HATASI] /api/brands/29 : Error: Desteklenmeyen dosya formatı. Marka görseli için sadece resim dosyaları yüklenebilir (jpeg, png, webp, gif).
    at brandFileFilter (C:\Users\dedih\Desktop\stokerpsistemi\backend-api\server.js:47:12)
    at wrappedFileFilter (C:\Users\dedih\Desktop\stokerpsistemi\backend-api\node_modules\multer\index.js:45:7)
    at Multipart.<anonymous> (C:\Users\dedih\Desktop\stokerpsistemi\backend-api\node_modules\multer\lib\make-middleware.js:193:7)
    at Multipart.emit (node:events:509:28)
    at HeaderParser.cb (C:\Users\dedih\Desktop\stokerpsistemi\backend-api\node_modules\busboy\lib\types\multipart.js:358:14)
    at HeaderParser.push (C:\Users\dedih\Desktop\stokerpsistemi\backend-api\node_modules\busboy\lib\types\multipart.js:162:20)
    at SBMH.ssCb [as _cb] (C:\Users\dedih\Desktop\stokerpsistemi\backend-api\node_modules\busboy\lib\types\multipart.js:394:37)
    at feed (C:\Users\dedih\Desktop\stokerpsistemi\backend-api\node_modules\streamsearch\lib\sbmh.js:219:14)
    at SBMH.push (C:\Users\dedih\Desktop\stokerpsistemi\backend-api\node_modules\streamsearch\lib\sbmh.js:104:16)
    at Multipart._write (C:\Users\dedih\Desktop\stokerpsistemi\backend-api\node_modules\busboy\lib\types\multipart.js:567:19)
2026-08-27T07:43:20.908Z [API HATASI] /api/brands/29 : Error: Desteklenmeyen dosya formatı. Marka görseli için sadece resim dosyaları yüklenebilir (jpeg, png, webp, gif).
    at brandFileFilter (C:\Users\dedih\Desktop\stokerpsistemi\backend-api\server.js:47:12)
    at wrappedFileFilter (C:\Users\dedih\Desktop\stokerpsistemi\backend-api\node_modules\multer\index.js:45:7)
    at Multipart.<anonymous> (C:\Users\dedih\Desktop\stokerpsistemi\backend-api\node_modules\multer\lib\make-middleware.js:193:7)
    at Multipart.emit (node:events:509:28)
    at HeaderParser.cb (C:\Users\dedih\Desktop\stokerpsistemi\backend-api\node_modules\busboy\lib\types\multipart.js:358:14)
    at HeaderParser.push (C:\Users\dedih\Desktop\stokerpsistemi\backend-api\node_modules\busboy\lib\types\multipart.js:162:20)
    at SBMH.ssCb [as _cb] (C:\Users\dedih\Desktop\stokerpsistemi\backend-api\node_modules\busboy\lib\types\multipart.js:394:37)
    at feed (C:\Users\dedih\Desktop\stokerpsistemi\backend-api\node_modules\streamsearch\lib\sbmh.js:219:14)
    at SBMH.push (C:\Users\dedih\Desktop\stokerpsistemi\backend-api\node_modules\streamsearch\lib\sbmh.js:104:16)
    at Multipart._write (C:\Users\dedih\Desktop\stokerpsistemi\backend-api\node_modules\busboy\lib\types\multipart.js:567:19)
2026-08-27T07:43:21.064Z [API HATASI] /api/brands/29 : Error: Desteklenmeyen dosya formatı. Marka görseli için sadece resim dosyaları yüklenebilir (jpeg, png, webp, gif).
    at brandFileFilter (C:\Users\dedih\Desktop\stokerpsistemi\backend-api\server.js:47:12)
    at wrappedFileFilter (C:\Users\dedih\Desktop\stokerpsistemi\backend-api\node_modules\multer\index.js:45:7)
    at Multipart.<anonymous> (C:\Users\dedih\Desktop\stokerpsistemi\backend-api\node_modules\multer\lib\make-middleware.js:193:7)
    at Multipart.emit (node:events:509:28)
    at HeaderParser.cb (C:\Users\dedih\Desktop\stokerpsistemi\backend-api\node_modules\busboy\lib\types\multipart.js:358:14)
    at HeaderParser.push (C:\Users\dedih\Desktop\stokerpsistemi\backend-api\node_modules\busboy\lib\types\multipart.js:162:20)
    at SBMH.ssCb [as _cb] (C:\Users\dedih\Desktop\stokerpsistemi\backend-api\node_modules\busboy\lib\types\multipart.js:394:37)
    at feed (C:\Users\dedih\Desktop\stokerpsistemi\backend-api\node_modules\streamsearch\lib\sbmh.js:219:14)
    at SBMH.push (C:\Users\dedih\Desktop\stokerpsistemi\backend-api\node_modules\streamsearch\lib\sbmh.js:104:16)
    at Multipart._write (C:\Users\dedih\Desktop\stokerpsistemi\backend-api\node_modules\busboy\lib\types\multipart.js:567:19)
